// Vitest Snapshot v1, https://vitest.dev/guide/snapshot.html

exports[`ChartDashboard > matches snapshot 1`] = `
<DocumentFragment>
  <div>
    <div>
      Loading chart data...
    </div>
    <label>
      Ticker:
      <select>
        <option
          value="AAPL"
        >
          AAPL
        </option>
        <option
          value="MSFT"
        >
          MSFT
        </option>
      </select>
    </label>
    <label>
      Frequency:
      <select>
        <option
          value="1min"
        >
          1 Minute
        </option>
        <option
          value="5min"
        >
          5 Minutes
        </option>
        <option
          value="15min"
        >
          15 Minutes
        </option>
        <option
          value="1H"
        >
          1 Hour
        </option>
      </select>
    </label>
  </div>
</DocumentFragment>
`;
